###############################################################################
#
# IAR ELF Linker V8.30.1.114/W32 for ARM                  10/Oct/2020  20:37:35
# Copyright 2007-2018 IAR Systems AB.
#
#    Output file  =  C:\Users\b\Desktop\rfid630\EWARM\rfid630\Exe\rfid630.out
#    Map file     =  C:\Users\b\Desktop\rfid630\EWARM\rfid630\List\rfid630.map
#    Command line =  
#        -f C:\Users\b\AppData\Local\Temp\EW8E77.tmp
#        (C:\Users\b\Desktop\rfid630\EWARM\rfid630\Obj\Adafruit_MFRC630.o
#        C:\Users\b\Desktop\rfid630\EWARM\rfid630\Obj\Adafruit_MFRC630_consts.o
#        C:\Users\b\Desktop\rfid630\EWARM\rfid630\Obj\gpio.o
#        C:\Users\b\Desktop\rfid630\EWARM\rfid630\Obj\main.o
#        C:\Users\b\Desktop\rfid630\EWARM\rfid630\Obj\spi.o
#        C:\Users\b\Desktop\rfid630\EWARM\rfid630\Obj\startup_stm32f030x8.o
#        C:\Users\b\Desktop\rfid630\EWARM\rfid630\Obj\stm32f0xx_hal.o
#        C:\Users\b\Desktop\rfid630\EWARM\rfid630\Obj\stm32f0xx_hal_cortex.o
#        C:\Users\b\Desktop\rfid630\EWARM\rfid630\Obj\stm32f0xx_hal_dma.o
#        C:\Users\b\Desktop\rfid630\EWARM\rfid630\Obj\stm32f0xx_hal_exti.o
#        C:\Users\b\Desktop\rfid630\EWARM\rfid630\Obj\stm32f0xx_hal_flash.o
#        C:\Users\b\Desktop\rfid630\EWARM\rfid630\Obj\stm32f0xx_hal_flash_ex.o
#        C:\Users\b\Desktop\rfid630\EWARM\rfid630\Obj\stm32f0xx_hal_gpio.o
#        C:\Users\b\Desktop\rfid630\EWARM\rfid630\Obj\stm32f0xx_hal_i2c.o
#        C:\Users\b\Desktop\rfid630\EWARM\rfid630\Obj\stm32f0xx_hal_i2c_ex.o
#        C:\Users\b\Desktop\rfid630\EWARM\rfid630\Obj\stm32f0xx_hal_msp.o
#        C:\Users\b\Desktop\rfid630\EWARM\rfid630\Obj\stm32f0xx_hal_pwr.o
#        C:\Users\b\Desktop\rfid630\EWARM\rfid630\Obj\stm32f0xx_hal_pwr_ex.o
#        C:\Users\b\Desktop\rfid630\EWARM\rfid630\Obj\stm32f0xx_hal_rcc.o
#        C:\Users\b\Desktop\rfid630\EWARM\rfid630\Obj\stm32f0xx_hal_rcc_ex.o
#        C:\Users\b\Desktop\rfid630\EWARM\rfid630\Obj\stm32f0xx_hal_tim.o
#        C:\Users\b\Desktop\rfid630\EWARM\rfid630\Obj\stm32f0xx_hal_tim_ex.o
#        C:\Users\b\Desktop\rfid630\EWARM\rfid630\Obj\stm32f0xx_it.o
#        C:\Users\b\Desktop\rfid630\EWARM\rfid630\Obj\stm32f0xx_ll_dma.o
#        C:\Users\b\Desktop\rfid630\EWARM\rfid630\Obj\stm32f0xx_ll_exti.o
#        C:\Users\b\Desktop\rfid630\EWARM\rfid630\Obj\stm32f0xx_ll_gpio.o
#        C:\Users\b\Desktop\rfid630\EWARM\rfid630\Obj\stm32f0xx_ll_rcc.o
#        C:\Users\b\Desktop\rfid630\EWARM\rfid630\Obj\stm32f0xx_ll_spi.o
#        C:\Users\b\Desktop\rfid630\EWARM\rfid630\Obj\stm32f0xx_ll_utils.o
#        C:\Users\b\Desktop\rfid630\EWARM\rfid630\Obj\system_stm32f0xx.o
#        --redirect _Printf=_PrintfFull --redirect _Scanf=_ScanfFull
#        --no_out_extension -o
#        C:\Users\b\Desktop\rfid630\EWARM\rfid630\Exe\rfid630.out --map
#        C:\Users\b\Desktop\rfid630\EWARM\rfid630\List\rfid630.map --config
#        C:\Users\b\Desktop\rfid630\EWARM/stm32f030x8_flash.icf --semihosting
#        --entry __iar_program_start --vfe --text_out locale)
#
###############################################################################

*******************************************************************************
*** RUNTIME MODEL ATTRIBUTES
***

CppFlavor                     = *
__CPP_Exceptions              = Disabled
__CPP_Language                = C++14
__Heap_Handler                = Basic
__SystemLibrary               = DLib
__dlib_dynamic_initialization = normal
__dlib_version                = 6


*******************************************************************************
*** HEAP SELECTION
***

The basic heap was selected because no calls to memory allocation
functions were found in the application outside of system library
functions, and there are calls to deallocation functions in the
application.


*******************************************************************************
*** PLACEMENT SUMMARY
***

"A0":  place at 0x800'0000 { ro section .intvec };
"P1":  place in [from 0x800'0000 to 0x800'ffff] { ro };
define block CSTACK with size = 4K, alignment = 8 { };
define block HEAP with size = 4K, alignment = 8 { };
"P2":  place in [from 0x2000'0000 to 0x2000'1fff] {
          rw, block CSTACK, block HEAP };
initialize by copy { rw };

  Section                Kind         Address    Size  Object
  -------                ----         -------    ----  ------
"A0":                                            0xb4
  .intvec                ro code   0x800'0000    0xb4  startup_stm32f030x8.o [1]
                                 - 0x800'00b4    0xb4

"P1":                                          0x1c8d
  .text                  ro code   0x800'00b4   0xa1c  Adafruit_MFRC630.o [1]
  .text                  ro code   0x800'0ad0   0x22c  stm32f0xx_hal_gpio.o [1]
  .text                  ro code   0x800'0cfc    0x5c  ABImemcpy.o [4]
  .text                  ro code   0x800'0d58    0x2c  stm32f0xx_hal.o [1]
  .text                  ro code   0x800'0d84    0xe0  I32DivModFast.o [4]
  .text                  ro code   0x800'0e64     0xc  stm32f0xx_hal.o [1]
  .text                  ro code   0x800'0e70     0x2  IntDivZer.o [4]
  .rodata                const     0x800'0e72     0x2  Adafruit_MFRC630.o [1]
  .text                  ro code   0x800'0e74   0x69c  stm32f0xx_hal_rcc.o [1]
  .text                  ro code   0x800'1510    0x50  stm32f0xx_hal.o [1]
  .text                  ro code   0x800'1560    0xf4  stm32f0xx_hal_cortex.o [1]
  .text                  ro code   0x800'1654   0x158  main.o [1]
  .text                  ro code   0x800'17ac    0x32  ABImemset.o [4]
  .text                  ro code   0x800'17de     0x2  startup_stm32f030x8.o [1]
  .text                  ro code   0x800'17e0    0x20  stm32f0xx_hal.o [1]
  .text                  ro code   0x800'1800    0x80  gpio.o [1]
  .text                  ro code   0x800'1880   0x100  spi.o [1]
  .text                  ro code   0x800'1980    0x34  stm32f0xx_hal_msp.o [1]
  .text                  ro code   0x800'19b4   0x134  stm32f0xx_ll_gpio.o [1]
  .text                  ro code   0x800'1ae8    0x84  stm32f0xx_ll_spi.o [1]
  .text                  ro code   0x800'1b6c    0x3c  packbits_init_single.o [4]
  .text                  ro code   0x800'1ba8    0x28  data_init.o [4]
  .iar.init_table        const     0x800'1bd0    0x14  - Linker created -
  .text                  ro code   0x800'1be4    0x20  cmain_call_ctors.o [4]
  .text                  ro code   0x800'1c04    0x18  cppinit.o [2]
  .text                  ro code   0x800'1c1c    0x1e  cmain.o [4]
  .text                  ro code   0x800'1c3a     0x4  low_level_init.o [2]
  .text                  ro code   0x800'1c3e     0x8  exit.o [2]
  .text                  ro code   0x800'1c46     0x2  startup_stm32f030x8.o [1]
  .text                  ro code   0x800'1c48     0xa  cexit.o [4]
  .text                  ro code   0x800'1c52     0x2  startup_stm32f030x8.o [1]
  .text                  ro code   0x800'1c54    0x14  exit.o [5]
  .text                  ro code   0x800'1c68    0x18  stm32f0xx_hal.o [1]
  .text                  ro code   0x800'1c80    0x12  stm32f0xx_it.o [1]
  .text                  ro code   0x800'1c92     0x2  startup_stm32f030x8.o [1]
  .rodata                const     0x800'1c94    0x10  stm32f0xx_hal_rcc.o [1]
  .rodata                const     0x800'1ca4    0x10  stm32f0xx_hal_rcc.o [1]
  .rodata                const     0x800'1cb4    0x10  system_stm32f0xx.o [1]
  .text                  ro code   0x800'1cc4    0x10  startup_stm32f030x8.o [1]
  .text                  ro code   0x800'1cd4     0xc  cstartup_M.o [4]
  .rodata                const     0x800'1ce0     0x8  Adafruit_MFRC630.o [1]
  .rodata                const     0x800'1ce8     0x8  Adafruit_MFRC630.o [1]
  SHT$$PREINIT_ARRAY               0x800'1cf0     0x0  <Block>
  SHT$$INIT_ARRAY                  0x800'1cf0     0x4  <Block>
    .init_array          const     0x800'1cf0     0x4  main.o [1]
  __iar_tls$$INIT_ARRAY            0x800'1cf4     0x0  <Block>
  .text                  ro code   0x800'1cf4     0x2  startup_stm32f030x8.o [1]
  .text                  ro code   0x800'1cf6     0x2  startup_stm32f030x8.o [1]
  .text                  ro code   0x800'1cf8     0x2  startup_stm32f030x8.o [1]
  .text                  ro code   0x800'1cfa     0x2  startup_stm32f030x8.o [1]
  .text                  ro code   0x800'1cfc     0x2  startup_stm32f030x8.o [1]
  .text                  ro code   0x800'1cfe     0x2  startup_stm32f030x8.o [1]
  .text                  ro code   0x800'1d00     0x2  startup_stm32f030x8.o [1]
  .text                  ro code   0x800'1d02     0x2  startup_stm32f030x8.o [1]
  .text                  ro code   0x800'1d04     0x2  startup_stm32f030x8.o [1]
  .text                  ro code   0x800'1d06     0x2  startup_stm32f030x8.o [1]
  .text                  ro code   0x800'1d08     0x2  startup_stm32f030x8.o [1]
  .text                  ro code   0x800'1d0a     0x2  startup_stm32f030x8.o [1]
  .text                  ro code   0x800'1d0c     0x2  startup_stm32f030x8.o [1]
  .text                  ro code   0x800'1d0e     0x2  startup_stm32f030x8.o [1]
  .text                  ro code   0x800'1d10     0x2  startup_stm32f030x8.o [1]
  .text                  ro code   0x800'1d12     0x2  startup_stm32f030x8.o [1]
  .text                  ro code   0x800'1d14     0x2  startup_stm32f030x8.o [1]
  .text                  ro code   0x800'1d16     0x2  startup_stm32f030x8.o [1]
  .text                  ro code   0x800'1d18     0x2  startup_stm32f030x8.o [1]
  .text                  ro code   0x800'1d1a     0x2  startup_stm32f030x8.o [1]
  .text                  ro code   0x800'1d1c     0x2  startup_stm32f030x8.o [1]
  .rodata                const     0x800'1d1e     0x1  unwind_debug.o [5]
  .text                  ro code   0x800'1d20     0x2  system_stm32f0xx.o [1]
  .rodata                const     0x800'1d22     0x0  packbits_init_single.o [4]
  Initializer bytes      const     0x800'1d22    0x1f  <for P2-1>
                                 - 0x800'1d41  0x1c8d

"P2", part 1 of 2:                               0x2d
  P2-1                            0x2000'0000    0x2d  <Init block>
    .data                inited   0x2000'0000    0x14  Adafruit_MFRC630_consts.o [1]
    .data                inited   0x2000'0014     0x4  stm32f0xx_hal.o [1]
    .data                inited   0x2000'0018     0x4  system_stm32f0xx.o [1]
    .bss                 inited   0x2000'001c     0xc  main.o [1]
    .bss                 inited   0x2000'0028     0x4  stm32f0xx_hal.o [1]
    .data                inited   0x2000'002c     0x1  stm32f0xx_hal.o [1]
                                - 0x2000'002d    0x2d

"P2", part 2 of 2:                             0x1000
  CSTACK                          0x2000'0030  0x1000  <Block>
    CSTACK               uninit   0x2000'0030  0x1000  <Block tail>
                                - 0x2000'1030  0x1000

Unused ranges:

         From           To    Size
         ----           --    ----
   0x800'1d41   0x800'ffff  0xe2bf
  0x2000'002d  0x2000'002f     0x3
  0x2000'1030  0x2000'1fff   0xfd0


*******************************************************************************
*** INIT TABLE
***

          Address      Size
          -------      ----
Copy/packbits (__iar_packbits_init_single3)
    1 source range, total size 0x1f (68% of destination):
           0x800'1d22  0x1f
    1 destination range, total size 0x2d:
          0x2000'0000  0x2d

Extra (__iar_cstart_call_ctors)



*******************************************************************************
*** MODULE SUMMARY
***

    Module                     ro code  ro data  rw data
    ------                     -------  -------  -------
command line/config:
    ----------------------------------------------------
    Total:

C:\Users\b\Desktop\rfid630\EWARM\rfid630\Obj: [1]
    Adafruit_MFRC630.o           2 588       18
    Adafruit_MFRC630_consts.o                13       20
    gpio.o                         128
    main.o                         344       12       12
    spi.o                          256
    startup_stm32f030x8.o          246
    stm32f0xx_hal.o                192        7        9
    stm32f0xx_hal_cortex.o         244
    stm32f0xx_hal_gpio.o           556
    stm32f0xx_hal_msp.o             52
    stm32f0xx_hal_rcc.o          1 692       32
    stm32f0xx_it.o                  18
    stm32f0xx_ll_gpio.o            308
    stm32f0xx_ll_spi.o             132
    system_stm32f0xx.o               2       19        4
    ----------------------------------------------------
    Total:                       6 758      101       45

dl6M_tln.a: [2]
    cppinit.o                       24
    exit.o                           8
    low_level_init.o                 4
    ----------------------------------------------------
    Total:                          36

dlpp6M_tl_nc.a: [3]
    ----------------------------------------------------
    Total:

rt6M_tl.a: [4]
    ABImemcpy.o                     92
    ABImemset.o                     50
    I32DivModFast.o                224
    IntDivZer.o                      2
    cexit.o                         10
    cmain.o                         30
    cmain_call_ctors.o              32
    cstartup_M.o                    12
    data_init.o                     40
    packbits_init_single.o          60
    ----------------------------------------------------
    Total:                         552

shb_l.a: [5]
    exit.o                          20
    unwind_debug.o                            1
    ----------------------------------------------------
    Total:                          20        1

    Gaps                             1
    Linker created                           20    4 096
--------------------------------------------------------
    Grand Total:                 7 367      122    4 141


*******************************************************************************
*** ENTRY LIST
***

Entry                       Address   Size  Type      Object
-----                       -------   ----  ----      ------
.iar.init_table$$Base    0x800'1bd0          --   Gb  - Linker created -
.iar.init_table$$Limit   0x800'1be4          --   Gb  - Linker created -
?main                    0x800'1c1d         Code  Gb  cmain.o [4]
AHBPrescTable            0x800'1cb4   0x10  Data  Gb  system_stm32f0xx.o [1]
Adafruit_MFRC630::Adafruit_MFRC630()
                         0x800'01b1   0x1c  Code  Gb  Adafruit_MFRC630.o [1]
Adafruit_MFRC630::begin()
                         0x800'01cd   0x32  Code  Gb  Adafruit_MFRC630.o [1]
Adafruit_MFRC630::clearFIFO()
                         0x800'02c1   0x1e  Code  Gb  Adafruit_MFRC630.o [1]
Adafruit_MFRC630::configRadio(mfrc630radiocfg)
                         0x800'0355   0x4a  Code  Gb  Adafruit_MFRC630.o [1]
Adafruit_MFRC630::iso14443aCommand(iso14443_cmd)
                         0x800'03c7  0x12a  Code  Gb  Adafruit_MFRC630.o [1]
Adafruit_MFRC630::iso14443aRequest()
                         0x800'03b9    0xe  Code  Gb  Adafruit_MFRC630.o [1]
Adafruit_MFRC630::iso14443aSelect(unsigned char *, unsigned char *)
                         0x800'04f1  0x4fa  Code  Gb  Adafruit_MFRC630.o [1]
Adafruit_MFRC630::ntagReadPage(unsigned short, unsigned char *)
                         0x800'09eb   0xe0  Code  Gb  Adafruit_MFRC630.o [1]
Adafruit_MFRC630::printError(mfrc630errors)
                         0x800'0353    0x2  Code  Gb  Adafruit_MFRC630.o [1]
Adafruit_MFRC630::printHex(unsigned char *, unsigned int)
                         0x800'0341   0x12  Code  Gb  Adafruit_MFRC630.o [1]
Adafruit_MFRC630::read8(unsigned char)
                         0x800'0165   0x4c  Code  Gb  Adafruit_MFRC630.o [1]
Adafruit_MFRC630::readFIFO(unsigned short, unsigned char *)
                         0x800'023d   0x44  Code  Gb  Adafruit_MFRC630.o [1]
Adafruit_MFRC630::readFIFOLen()
                         0x800'01ff   0x3e  Code  Gb  Adafruit_MFRC630.o [1]
Adafruit_MFRC630::softReset()
                         0x800'032d   0x14  Code  Gb  Adafruit_MFRC630.o [1]
Adafruit_MFRC630::write8(unsigned char, unsigned char)
                         0x800'00ff   0x26  Code  Gb  Adafruit_MFRC630.o [1]
Adafruit_MFRC630::writeBuffer(unsigned char, unsigned short, unsigned char *)
                         0x800'0125   0x40  Code  Gb  Adafruit_MFRC630.o [1]
Adafruit_MFRC630::writeCommand(unsigned char)
                         0x800'02df   0x18  Code  Gb  Adafruit_MFRC630.o [1]
Adafruit_MFRC630::writeCommand(unsigned char, unsigned char, unsigned char *)
                         0x800'02f7   0x36  Code  Gb  Adafruit_MFRC630.o [1]
Adafruit_MFRC630::writeFIFO(unsigned short, unsigned char *)
                         0x800'0281   0x40  Code  Gb  Adafruit_MFRC630.o [1]
CSTACK$$Base            0x2000'0030          --   Gb  - Linker created -
CSTACK$$Limit           0x2000'1030          --   Gb  - Linker created -
Error_Handler            0x800'17ab    0x2  Code  Gb  main.o [1]
HAL_Delay                0x800'0d59   0x2c  Code  Wk  stm32f0xx_hal.o [1]
HAL_GPIO_Init            0x800'0ad1  0x1ec  Code  Gb  stm32f0xx_hal_gpio.o [1]
HAL_GPIO_WritePin        0x800'0cbd   0x1a  Code  Gb  stm32f0xx_hal_gpio.o [1]
HAL_GetTick              0x800'0e65    0xc  Code  Wk  stm32f0xx_hal.o [1]
HAL_IncTick              0x800'1c69   0x18  Code  Wk  stm32f0xx_hal.o [1]
HAL_Init                 0x800'17e1   0x1a  Code  Gb  stm32f0xx_hal.o [1]
HAL_InitTick             0x800'1511   0x50  Code  Wk  stm32f0xx_hal.o [1]
HAL_MspInit              0x800'1981   0x34  Code  Gb  stm32f0xx_hal_msp.o [1]
HAL_NVIC_SetPriority     0x800'161f   0x14  Code  Gb  stm32f0xx_hal_cortex.o [1]
HAL_RCC_ClockConfig      0x800'1335  0x128  Code  Gb  stm32f0xx_hal_rcc.o [1]
HAL_RCC_GetSysClockFreq
                         0x800'1471   0x72  Code  Gb  stm32f0xx_hal_rcc.o [1]
HAL_RCC_OscConfig        0x800'0e75  0x4ac  Code  Gb  stm32f0xx_hal_rcc.o [1]
HAL_SYSTICK_Config       0x800'1633    0xc  Code  Gb  stm32f0xx_hal_cortex.o [1]
HardFault_Handler        0x800'1c83    0x4  Code  Gb  stm32f0xx_it.o [1]
LL_GPIO_Init             0x800'1a6f   0x7a  Code  Gb  stm32f0xx_ll_gpio.o [1]
LL_SPI_Init              0x800'1afd   0x68  Code  Gb  stm32f0xx_ll_spi.o [1]
MX_GPIO_Init             0x800'1801   0x80  Code  Gb  gpio.o [1]
MX_SPI1_Init             0x800'18c3   0xb0  Code  Gb  spi.o [1]
NMI_Handler              0x800'1c81    0x2  Code  Gb  stm32f0xx_it.o [1]
PendSV_Handler           0x800'1c89    0x2  Code  Gb  stm32f0xx_it.o [1]
Region$$Table$$Base      0x800'1bd0          --   Gb  - Linker created -
Region$$Table$$Limit     0x800'1be4          --   Gb  - Linker created -
SHT$$INIT_ARRAY$$Base    0x800'1cf0          --   Gb  - Linker created -
SHT$$INIT_ARRAY$$Limit   0x800'1cf4          --   Gb  - Linker created -
SHT$$PREINIT_ARRAY$$Base
                         0x800'1cf0          --   Gb  - Linker created -
SHT$$PREINIT_ARRAY$$Limit
                         0x800'1cf0          --   Gb  - Linker created -
SVC_Handler              0x800'1c87    0x2  Code  Gb  stm32f0xx_it.o [1]
SysTick_Handler          0x800'1c8b    0x8  Code  Gb  stm32f0xx_it.o [1]
SystemClock_Config()     0x800'1751   0x5a  Code  Gb  main.o [1]
SystemCoreClock         0x2000'0018    0x4  Data  Gb  system_stm32f0xx.o [1]
SystemInit               0x800'1d21    0x2  Code  Gb  system_stm32f0xx.o [1]
[local to Adafruit_MFRC630_cpp]::LL_SPI_ReceiveData8(SPI_TypeDef *)
                         0x800'00b5    0x6  Code  Lc  Adafruit_MFRC630.o [1]
[local to Adafruit_MFRC630_cpp]::LL_SPI_TransmitData8(SPI_TypeDef *, unsigned char)
                         0x800'00bb    0x4  Code  Lc  Adafruit_MFRC630.o [1]
[local to main_c]::print_buf_hex(unsigned char *, unsigned int)
                         0x800'165f   0x12  Code  Lc  main.o [1]
[local to spi_c]::LL_AHB1_GRP1_EnableClock(unsigned int)
                         0x800'1897   0x16  Code  Lc  spi.o [1]
[local to spi_c]::LL_APB1_GRP2_EnableClock(unsigned int)
                         0x800'18ad   0x16  Code  Lc  spi.o [1]
[local to spi_c]::LL_SPI_EnableNSSPulseMgt(SPI_TypeDef *)
                         0x800'188d    0xa  Code  Lc  spi.o [1]
[local to spi_c]::LL_SPI_SetStandard(SPI_TypeDef *, unsigned int)
                         0x800'1881    0xc  Code  Lc  spi.o [1]
[local to stm32f0xx_hal_cortex_c]::SysTick_Config(unsigned int)
                         0x800'15ed   0x32  Code  Lc  stm32f0xx_hal_cortex.o [1]
[local to stm32f0xx_hal_cortex_c]::__NVIC_SetPriority(IRQn_Type, unsigned int)
                         0x800'1561   0x8c  Code  Lc  stm32f0xx_hal_cortex.o [1]
[local to stm32f0xx_ll_gpio_c]::LL_GPIO_SetAFPin_0_7(GPIO_TypeDef *, unsigned int, unsigned int)
                         0x800'1a1b   0x24  Code  Lc  stm32f0xx_ll_gpio.o [1]
[local to stm32f0xx_ll_gpio_c]::LL_GPIO_SetAFPin_8_15(GPIO_TypeDef *, unsigned int, unsigned int)
                         0x800'1a3f   0x30  Code  Lc  stm32f0xx_ll_gpio.o [1]
[local to stm32f0xx_ll_gpio_c]::LL_GPIO_SetPinMode(GPIO_TypeDef *, unsigned int, unsigned int)
                         0x800'19b5   0x1c  Code  Lc  stm32f0xx_ll_gpio.o [1]
[local to stm32f0xx_ll_gpio_c]::LL_GPIO_SetPinOutputType(GPIO_TypeDef *, unsigned int, unsigned int)
                         0x800'19d1   0x12  Code  Lc  stm32f0xx_ll_gpio.o [1]
[local to stm32f0xx_ll_gpio_c]::LL_GPIO_SetPinPull(GPIO_TypeDef *, unsigned int, unsigned int)
                         0x800'19ff   0x1c  Code  Lc  stm32f0xx_ll_gpio.o [1]
[local to stm32f0xx_ll_gpio_c]::LL_GPIO_SetPinSpeed(GPIO_TypeDef *, unsigned int, unsigned int)
                         0x800'19e3   0x1c  Code  Lc  stm32f0xx_ll_gpio.o [1]
[local to stm32f0xx_ll_spi_c]::LL_SPI_IsEnabled(SPI_TypeDef *)
                         0x800'1ae9    0xc  Code  Lc  stm32f0xx_ll_spi.o [1]
[local to stm32f0xx_ll_spi_c]::LL_SPI_SetCRCPolynomial(SPI_TypeDef *, unsigned int)
                         0x800'1af5    0x8  Code  Lc  stm32f0xx_ll_spi.o [1]
__ICFEDIT_region_RAM_end__ {Abs}
                        0x2000'1fff         Data  Gb  <internal module>
__ICFEDIT_region_RAM_start__ {Abs}
                        0x2000'0000         Data  Gb  <internal module>
__aeabi_idiv             0x800'0db1         Code  Gb  I32DivModFast.o [4]
__aeabi_idiv0            0x800'0e71         Code  Gb  IntDivZer.o [4]
__aeabi_idivmod          0x800'0db1         Code  Gb  I32DivModFast.o [4]
__aeabi_memclr4          0x800'17ad         Code  Gb  ABImemset.o [4]
__aeabi_memclr8          0x800'17ad         Code  Gb  ABImemset.o [4]
__aeabi_memcpy           0x800'0cfd         Code  Gb  ABImemcpy.o [4]
__aeabi_memcpy4          0x800'0d25         Code  Wk  ABImemcpy.o [4]
__aeabi_uidiv            0x800'0db7         Code  Gb  I32DivModFast.o [4]
__aeabi_uidivmod         0x800'0db7         Code  Gb  I32DivModFast.o [4]
__call_ctors             0x800'1c05   0x18  Code  Gb  cppinit.o [2]
__cmain                  0x800'1c1d         Code  Gb  cmain.o [4]
__exit                   0x800'1c55   0x14  Code  Gb  exit.o [5]
__iar_Memset4_word       0x800'17b1         Code  Gb  ABImemset.o [4]
__iar_cstart_call_ctors
                         0x800'1be5   0x20  Code  Gb  cmain_call_ctors.o [4]
__iar_data_init3         0x800'1ba9   0x28  Code  Gb  data_init.o [4]
__iar_debug_exceptions   0x800'1d1e    0x1  Data  Gb  unwind_debug.o [5]
__iar_packbits_init_single3
                         0x800'1b6d   0x3c  Code  Gb  packbits_init_single.o [4]
__iar_program_start      0x800'1cd5         Code  Gb  cstartup_M.o [4]
__iar_tls$$INIT_ARRAY$$Base
                         0x800'1cf4          --   Gb  - Linker created -
__iar_tls$$INIT_ARRAY$$Limit
                         0x800'1cf4          --   Gb  - Linker created -
__low_level_init         0x800'1c3b    0x4  Code  Gb  low_level_init.o [2]
__sti__routine           0x800'1655    0xa  Code  Lc  main.o [1]
__vector_table           0x800'0000         Data  Gb  startup_stm32f030x8.o [1]
_call_main               0x800'1c29         Code  Gb  cmain.o [4]
_exit                    0x800'1c49         Code  Gb  cexit.o [4]
_main                    0x800'1c37         Code  Gb  cmain.o [4]
antcfg_iso14443a_106    0x2000'0000   0x14  Data  Gb  Adafruit_MFRC630_consts.o [1]
digitalWrite(unsigned char)
                         0x800'00bf   0x20  Code  Gb  Adafruit_MFRC630.o [1]
exit                     0x800'1c3f    0x8  Code  Gb  exit.o [2]
main                     0x800'170f   0x3c  Code  Gb  main.o [1]
radio_ntag156b_dump_minimal()
                         0x800'1671   0x9e  Code  Gb  main.o [1]
rfid                    0x2000'001c    0xc  Data  Gb  main.o [1]
spi_exchange(unsigned char)
                         0x800'00df   0x20  Code  Gb  Adafruit_MFRC630.o [1]
uwTick                  0x2000'0028    0x4  Data  Gb  stm32f0xx_hal.o [1]
uwTickFreq              0x2000'002c    0x1  Data  Gb  stm32f0xx_hal.o [1]
uwTickPrio              0x2000'0014    0x4  Data  Gb  stm32f0xx_hal.o [1]


[1] = C:\Users\b\Desktop\rfid630\EWARM\rfid630\Obj
[2] = dl6M_tln.a
[3] = dlpp6M_tl_nc.a
[4] = rt6M_tl.a
[5] = shb_l.a

  7 367 bytes of readonly  code memory
    122 bytes of readonly  data memory
  4 141 bytes of readwrite data memory

Errors: none
Warnings: none
